
===== 2026-06-26 11:00 - 2026-06-26 12:00 =====
Записано: 2026-06-26 11:02
test - потеря пакетов 0.0% (по ICMP)
Александр Деев - потеря пакетов 100.0% - Судно в порту
Алестар - потеря пакетов 0.0% (по ICMP)
Амурское - потеря пакетов 0.0% (по ICMP)
Вадим Туманов - потеря пакетов 0.0% (по ICMP)
Игорь Афанасьев - потеря пакетов 0.0% (по ICMP)
Игорь Фархутдинов - потеря пакетов 100.0% - Судно в порту
Капитан - потеря пакетов 0.0% (по ICMP)
Капитан Хазан - потеря пакетов 0.0% (по ICMP)
Капитан Щербаков - потеря пакетов 0.0% (по ICMP)
Коряк ПХГ - потеря пакетов 0.0% (по ICMP)
Мастер - потеря пакетов 0.0% (по TCP:22)
Мыс Рубикон - потеря пакетов 0.0% (по ICMP)
Петр Гусенков - потеря пакетов 0.0% (по ICMP)
Печак - потеря пакетов 100.0% - Судно в порту
Полтава - потеря пакетов 0.0% (по ICMP)
Сораксан - потеря пакетов 0.0% (по ICMP) - Судно в порту до 29.06
Таврия - потеря пакетов 0.0% (по ICMP)
Тумнин - потеря пакетов 0.0% (по ICMP)
Узон - потеря пакетов 0.0% (по TCP:22)
Узон (амтел) - потеря пакетов 100.0% - Судно в порту
Фрегат - потеря пакетов 0.0% (по ICMP)
Экопасифик - потеря пакетов 100.0% - Стоит в порту
Юпитер-2 - потеря пакетов 0.0% (по TCP:22)
==================================================
Сораксан - [2026-06-26 11:06:56] Статус changed: 'в сети' -> 'не в сети' | Заметки: Судно в порту до 29.06
Сораксан - [2026-06-26 11:08:32] Статус changed: 'не в сети' -> 'в сети' | Заметки: Судно в порту до 29.06
Сораксан - [2026-06-26 11:54:25] Статус changed: 'в сети' -> 'не в сети' | Заметки: Судно в порту до 29.06
Сораксан - [2026-06-26 11:58:41] Статус changed: 'не в сети' -> 'в сети' | Заметки: Судно в порту до 29.06

===== 2026-06-26 12:00 - 2026-06-26 13:00 =====
Записано: 2026-06-26 12:00
Александр Деев - потеря пакетов 100.0% - Судно в порту
Алестар - потеря пакетов 0.0% (по ICMP)
Амурское - потеря пакетов 0.0% (по TCP:22)
Вадим Туманов - потеря пакетов 0.5% (по TCP:22)
Игорь Афанасьев - потеря пакетов 0.0% (по ICMP)
Игорь Фархутдинов - потеря пакетов 100.0% - Судно в порту
Капитан - потеря пакетов 0.0% (по ICMP)
Капитан Хазан - потеря пакетов 0.0% (по ICMP)
Капитан Щербаков - потеря пакетов 1.4% (по ICMP)
Коряк ПХГ - потеря пакетов 0.0% (по ICMP)
Мастер - потеря пакетов 0.0% (по ICMP)
Мыс Рубикон - потеря пакетов 0.0% (по ICMP)
Петр Гусенков - потеря пакетов 0.0% (по ICMP)
Печак - потеря пакетов 100.0% - Судно в порту
Полтава - потеря пакетов 0.0% (по ICMP)
Сораксан - потеря пакетов 22.6% - Судно в порту до 29.06
Таврия - потеря пакетов 0.0% (по ICMP)
Тумнин - потеря пакетов 0.5% (по ICMP)
Узон - потеря пакетов 0.0% (по TCP:22)
Узон (амтел) - потеря пакетов 100.0% - Судно в порту
Фрегат - потеря пакетов 0.0% (по ICMP)
Экопасифик - потеря пакетов 100.0% - Стоит в порту
Юпитер-2 - потеря пакетов 1.4% (по TCP:22)
==================================================
Сораксан - [2026-06-26 12:01:53] Статус changed: 'в сети' -> 'не в сети' | Заметки: Судно в порту до 29.06
Сораксан - [2026-06-26 12:11:13] Статус changed: 'не в сети' -> 'в сети' | Заметки: Судно в порту до 29.06
Игорь Афанасьев - [2026-06-26 12:27:30] Статус changed: 'в сети' -> 'не в сети'
Игорь Афанасьев - [2026-06-26 12:29:07] Статус changed: 'не в сети' -> 'в сети'
Игорь Афанасьев - [2026-06-26 12:37:55] Статус changed: 'в сети' -> 'не в сети'
Игорь Афанасьев - [2026-06-26 12:38:27] Статус changed: 'не в сети' -> 'в сети'
Игорь Афанасьев - [2026-06-26 12:58:11] Статус changed: 'в сети' -> 'не в сети'
Игорь Афанасьев - [2026-06-26 12:59:47] Статус changed: 'не в сети' -> 'в сети'

===== 2026-06-26 13:00 - 2026-06-26 14:00 =====
Записано: 2026-06-26 13:00
Александр Деев - потеря пакетов 100.0% - Судно в порту
Алестар - потеря пакетов 0.0% (по ICMP)
Амурское - потеря пакетов 0.4% (по ICMP)
Вадим Туманов - потеря пакетов 0.4% (по ICMP)
Игорь Афанасьев - потеря пакетов 34.7% (по ICMP)
Игорь Фархутдинов - потеря пакетов 100.0% - Судно в порту
Капитан - потеря пакетов 1.3% (по ICMP)
Капитан Хазан - потеря пакетов 0.0% (по ICMP)
Капитан Щербаков - потеря пакетов 1.8% (по ICMP)
Коряк ПХГ - потеря пакетов 0.0% (по ICMP)
Мастер - потеря пакетов 0.4% (по ICMP)
Мыс Рубикон - потеря пакетов 0.4% (по ICMP)
Петр Гусенков - потеря пакетов 0.0% (по ICMP)
Печак - потеря пакетов 100.0% - Судно в порту
Полтава - потеря пакетов 0.0% (по ICMP)
Сораксан - потеря пакетов 24.9% (по ICMP) - Судно в порту до 29.06
Таврия - потеря пакетов 0.0% (по ICMP)
Тумнин - потеря пакетов 0.0% (по TCP:22)
Узон - потеря пакетов 0.0% (по ICMP)
Узон (амтел) - потеря пакетов 100.0% - Судно в порту
Фрегат - потеря пакетов 1.3% (по ICMP)
Экопасифик - потеря пакетов 100.0% - Стоит в порту
Юпитер-2 - потеря пакетов 0.4% (по ICMP)
==================================================
Игорь Афанасьев - [2026-06-26 13:05:40] Статус changed: 'в сети' -> 'не в сети'
Игорь Афанасьев - [2026-06-26 13:07:48] Статус changed: 'не в сети' -> 'в сети'
Игорь Афанасьев - [2026-06-26 13:11:32] Статус changed: 'в сети' -> 'не в сети'
Игорь Афанасьев - [2026-06-26 13:16:36] Статус changed: 'не в сети' -> 'в сети'
Игорь Афанасьев - [2026-06-26 13:22:28] Статус changed: 'в сети' -> 'не в сети'
Игорь Афанасьев - [2026-06-26 13:28:36] Статус changed: 'не в сети' -> 'в сети'
Игорь Афанасьев - [2026-06-26 13:33:24] Статус changed: 'в сети' -> 'не в сети'
Игорь Афанасьев - [2026-06-26 13:37:24] Статус changed: 'не в сети' -> 'в сети'
Сораксан - [2026-06-26 13:37:40] Статус changed: 'в сети' -> 'не в сети' | Заметки: Судно в порту до 29.06
Сораксан - [2026-06-26 13:40:52] Статус changed: 'не в сети' -> 'в сети' | Заметки: Судно в порту до 29.06
