
===== 2026-06-26 00:00 - 2026-06-26 01:00 =====
Записано: 2026-06-26 00:00
Александр Деев - потеря пакетов 100.0%
Алестар - потеря пакетов 0.9% (по ICMP)
Амурское - потеря пакетов 0.4% (по ICMP)
Вадим Туманов - потеря пакетов 0.0% (по TCP:22)
Игорь Афанасьев - потеря пакетов 1.3% (по ICMP)
Игорь Фархутдинов - потеря пакетов 100.0%
Капитан - потеря пакетов 2.2% (по ICMP)
Капитан Хазан - потеря пакетов 0.9% (по ICMP)
Капитан Щербаков - потеря пакетов 1.3% (по ICMP)
Коряк ПХГ - потеря пакетов 0.0% (по ICMP)
Мастер - потеря пакетов 0.0% (по ICMP)
Мыс Рубикон - потеря пакетов 1.3% (по ICMP)
Петр Гусенков - потеря пакетов 0.9% (по ICMP)
Печак - потеря пакетов 100.0%
Полтава - потеря пакетов 0.0% (по ICMP)
Сораксан - потеря пакетов 100.0%
Таврия - потеря пакетов 0.0% (по ICMP)
Тумнин - потеря пакетов 1.3% (по TCP:22)
Узон - потеря пакетов 0.0% (по TCP:22)
Узон (амтел) - потеря пакетов 100.0%
Фрегат - потеря пакетов 0.0% (по ICMP)
Экопасифик - потеря пакетов 0.0% (по ICMP)
Юпитер-2 - потеря пакетов 33.8% (по ICMP)
==================================================

===== 2026-06-26 01:00 - 2026-06-26 02:00 =====
Записано: 2026-06-26 01:00
Александр Деев - потеря пакетов 100.0%
Алестар - потеря пакетов 0.0% (по ICMP)
Амурское - потеря пакетов 0.4% (по ICMP)
Вадим Туманов - потеря пакетов 0.0% (по ICMP)
Игорь Афанасьев - потеря пакетов 33.3% (по ICMP)
Игорь Фархутдинов - потеря пакетов 100.0%
Капитан - потеря пакетов 0.0% (по ICMP)
Капитан Хазан - потеря пакетов 0.0% (по ICMP)
Капитан Щербаков - потеря пакетов 0.0% (по ICMP)
Коряк ПХГ - потеря пакетов 0.0% (по ICMP)
Мастер - потеря пакетов 0.4% (по ICMP)
Мыс Рубикон - потеря пакетов 0.4% (по ICMP)
Петр Гусенков - потеря пакетов 0.0% (по ICMP)
Печак - потеря пакетов 100.0%
Полтава - потеря пакетов 0.0% (по ICMP)
Сораксан - потеря пакетов 100.0%
Таврия - потеря пакетов 0.0% (по ICMP)
Тумнин - потеря пакетов 0.9% (по ICMP)
Узон - потеря пакетов 1.3% (по TCP:22)
Узон (амтел) - потеря пакетов 100.0%
Фрегат - потеря пакетов 0.0% (по ICMP)
Экопасифик - потеря пакетов 0.0% (по ICMP)
Юпитер-2 - потеря пакетов 61.3% (по ICMP)
==================================================

===== 2026-06-26 02:00 - 2026-06-26 03:00 =====
Записано: 2026-06-26 02:00
Александр Деев - потеря пакетов 100.0%
Алестар - потеря пакетов 0.0% (по ICMP)
Амурское - потеря пакетов 0.4% (по ICMP)
Вадим Туманов - потеря пакетов 1.3% (по ICMP)
Игорь Афанасьев - потеря пакетов 0.0% (по ICMP)
Игорь Фархутдинов - потеря пакетов 100.0%
Капитан - потеря пакетов 1.3% (по ICMP)
Капитан Хазан - потеря пакетов 0.0% (по ICMP)
Капитан Щербаков - потеря пакетов 0.0% (по ICMP)
Коряк ПХГ - потеря пакетов 0.0% (по ICMP)
Мастер - потеря пакетов 0.0% (по ICMP)
Мыс Рубикон - потеря пакетов 0.0% (по ICMP)
Петр Гусенков - потеря пакетов 0.0% (по ICMP)
Печак - потеря пакетов 100.0%
Полтава - потеря пакетов 0.0% (по ICMP)
Сораксан - потеря пакетов 100.0%
Таврия - потеря пакетов 0.0% (по ICMP)
Тумнин - потеря пакетов 0.9% (по TCP:22)
Узон - потеря пакетов 40.4% (по TCP:22)
Узон (амтел) - потеря пакетов 100.0%
Фрегат - потеря пакетов 0.0% (по ICMP)
Экопасифик - потеря пакетов 0.0% (по ICMP)
Юпитер-2 - потеря пакетов 6.2% (по ICMP)
==================================================

===== 2026-06-26 03:00 - 2026-06-26 04:00 =====
Записано: 2026-06-26 03:00
Александр Деев - потеря пакетов 100.0%
Алестар - потеря пакетов 0.0% (по ICMP)
Амурское - потеря пакетов 0.0% (по ICMP)
Вадим Туманов - потеря пакетов 0.0% (по ICMP)
Игорь Афанасьев - потеря пакетов 0.0% (по ICMP)
Игорь Фархутдинов - потеря пакетов 100.0%
Капитан - потеря пакетов 0.0% (по ICMP)
Капитан Хазан - потеря пакетов 0.0% (по ICMP)
Капитан Щербаков - потеря пакетов 0.4% (по ICMP)
Коряк ПХГ - потеря пакетов 0.0% (по ICMP)
Мастер - потеря пакетов 0.0% (по ICMP)
Мыс Рубикон - потеря пакетов 0.0% (по ICMP)
Петр Гусенков - потеря пакетов 0.4% (по ICMP)
Печак - потеря пакетов 100.0%
Полтава - потеря пакетов 0.0% (по ICMP)
Сораксан - потеря пакетов 100.0%
Таврия - потеря пакетов 0.0% (по ICMP)
Тумнин - потеря пакетов 0.9% (по TCP:22)
Узон - потеря пакетов 0.0% (по TCP:22)
Узон (амтел) - потеря пакетов 100.0%
Фрегат - потеря пакетов 0.0% (по ICMP)
Экопасифик - потеря пакетов 0.0% (по ICMP)
Юпитер-2 - потеря пакетов 0.0% (по ICMP)
==================================================

===== 2026-06-26 04:00 - 2026-06-26 05:00 =====
Записано: 2026-06-26 04:00
Александр Деев - потеря пакетов 100.0%
Алестар - потеря пакетов 0.0% (по ICMP)
Амурское - потеря пакетов 0.0% (по ICMP)
Вадим Туманов - потеря пакетов 0.0% (по ICMP)
Игорь Афанасьев - потеря пакетов 0.0% (по ICMP)
Игорь Фархутдинов - потеря пакетов 100.0%
Капитан - потеря пакетов 2.2%
Капитан Хазан - потеря пакетов 0.0% (по ICMP)
Капитан Щербаков - потеря пакетов 0.4% (по ICMP)
Коряк ПХГ - потеря пакетов 0.0% (по ICMP)
Мастер - потеря пакетов 0.0% (по ICMP)
Мыс Рубикон - потеря пакетов 8.4% (по ICMP)
Петр Гусенков - потеря пакетов 0.0% (по ICMP)
Печак - потеря пакетов 100.0%
Полтава - потеря пакетов 0.0% (по ICMP)
Сораксан - потеря пакетов 100.0%
Таврия - потеря пакетов 0.0% (по ICMP)
Тумнин - потеря пакетов 0.0% (по TCP:22)
Узон - потеря пакетов 0.0% (по TCP:22)
Узон (амтел) - потеря пакетов 100.0%
Фрегат - потеря пакетов 0.0% (по ICMP)
Экопасифик - потеря пакетов 0.0% (по ICMP)
Юпитер-2 - потеря пакетов 0.0% (по ICMP)
==================================================

===== 2026-06-26 05:00 - 2026-06-26 06:00 =====
Записано: 2026-06-26 05:00
Александр Деев - потеря пакетов 100.0%
Алестар - потеря пакетов 0.0% (по ICMP)
Амурское - потеря пакетов 0.0% (по TCP:22)
Вадим Туманов - потеря пакетов 0.9% (по TCP:22)
Игорь Афанасьев - потеря пакетов 0.9% (по TCP:22)
Игорь Фархутдинов - потеря пакетов 100.0%
Капитан - потеря пакетов 17.8%
Капитан Хазан - потеря пакетов 0.0% (по ICMP)
Капитан Щербаков - потеря пакетов 0.0% (по ICMP)
Коряк ПХГ - потеря пакетов 1.8% (по ICMP)
Мастер - потеря пакетов 0.0% (по ICMP)
Мыс Рубикон - потеря пакетов 8.0% (по ICMP)
Петр Гусенков - потеря пакетов 0.0% (по ICMP)
Печак - потеря пакетов 100.0%
Полтава - потеря пакетов 0.0% (по ICMP)
Сораксан - потеря пакетов 100.0%
Таврия - потеря пакетов 0.0% (по ICMP)
Тумнин - потеря пакетов 0.0% (по TCP:22)
Узон - потеря пакетов 3.1% (по TCP:22)
Узон (амтел) - потеря пакетов 100.0%
Фрегат - потеря пакетов 0.0% (по ICMP)
Экопасифик - потеря пакетов 0.0% (по ICMP)
Юпитер-2 - потеря пакетов 0.0% (по TCP:22)
==================================================

===== 2026-06-26 06:00 - 2026-06-26 07:00 =====
Записано: 2026-06-26 06:00
Александр Деев - потеря пакетов 100.0%
Алестар - потеря пакетов 0.0% (по ICMP)
Амурское - потеря пакетов 0.0% (по ICMP)
Вадим Туманов - потеря пакетов 0.4% (по ICMP)
Игорь Афанасьев - потеря пакетов 0.0% (по ICMP)
Игорь Фархутдинов - потеря пакетов 100.0%
Капитан - потеря пакетов 0.0% (по ICMP)
Капитан Хазан - потеря пакетов 0.4% (по ICMP)
Капитан Щербаков - потеря пакетов 0.0% (по ICMP)
Коряк ПХГ - потеря пакетов 0.0% (по ICMP)
Мастер - потеря пакетов 0.0% (по ICMP)
Мыс Рубикон - потеря пакетов 1.8% (по ICMP)
Петр Гусенков - потеря пакетов 2.2% (по ICMP)
Печак - потеря пакетов 100.0%
Полтава - потеря пакетов 0.0% (по ICMP)
Сораксан - потеря пакетов 100.0%
Таврия - потеря пакетов 0.0% (по ICMP)
Тумнин - потеря пакетов 0.0% (по ICMP)
Узон - потеря пакетов 1.8% (по ICMP)
Узон (амтел) - потеря пакетов 100.0%
Фрегат - потеря пакетов 0.0% (по ICMP)
Экопасифик - потеря пакетов 0.0% (по ICMP)
Юпитер-2 - потеря пакетов 0.0% (по ICMP)
==================================================

===== 2026-06-26 07:00 - 2026-06-26 08:00 =====
Записано: 2026-06-26 07:00
Александр Деев - потеря пакетов 100.0%
Алестар - потеря пакетов 0.0% (по ICMP)
Амурское - потеря пакетов 0.0% (по ICMP)
Вадим Туманов - потеря пакетов 0.0% (по ICMP)
Игорь Афанасьев - потеря пакетов 0.0% (по ICMP)
Игорь Фархутдинов - потеря пакетов 100.0%
Капитан - потеря пакетов 0.0% (по ICMP)
Капитан Хазан - потеря пакетов 1.3% (по ICMP)
Капитан Щербаков - потеря пакетов 0.9% (по ICMP)
Коряк ПХГ - потеря пакетов 0.0% (по ICMP)
Мастер - потеря пакетов 0.0% (по TCP:22)
Мыс Рубикон - потеря пакетов 0.4% (по ICMP)
Петр Гусенков - потеря пакетов 0.0% (по ICMP)
Печак - потеря пакетов 100.0%
Полтава - потеря пакетов 0.0% (по ICMP)
Сораксан - потеря пакетов 100.0%
Таврия - потеря пакетов 0.0% (по ICMP)
Тумнин - потеря пакетов 0.4% (по TCP:22)
Узон - потеря пакетов 78.2%
Узон (амтел) - потеря пакетов 100.0%
Фрегат - потеря пакетов 0.0% (по ICMP)
Экопасифик - потеря пакетов 0.0% (по ICMP)
Юпитер-2 - потеря пакетов 0.0% (по ICMP)
==================================================

===== 2026-06-26 08:00 - 2026-06-26 09:00 =====
Записано: 2026-06-26 08:00
Александр Деев - потеря пакетов 100.0%
Алестар - потеря пакетов 0.0% (по ICMP)
Амурское - потеря пакетов 1.8% (по ICMP)
Вадим Туманов - потеря пакетов 1.8% (по TCP:22)
Игорь Афанасьев - потеря пакетов 0.4% (по ICMP)
Игорь Фархутдинов - потеря пакетов 100.0%
Капитан - потеря пакетов 1.3% (по ICMP)
Капитан Хазан - потеря пакетов 0.4% (по ICMP)
Капитан Щербаков - потеря пакетов 0.9% (по ICMP)
Коряк ПХГ - потеря пакетов 0.0% (по ICMP)
Мастер - потеря пакетов 3.1% (по TCP:22)
Мыс Рубикон - потеря пакетов 1.8% (по ICMP)
Петр Гусенков - потеря пакетов 0.9% (по ICMP)
Печак - потеря пакетов 100.0%
Полтава - потеря пакетов 0.0% (по ICMP)
Сораксан - потеря пакетов 100.0%
Таврия - потеря пакетов 0.0% (по ICMP)
Тумнин - потеря пакетов 1.8% (по TCP:22)
Узон - потеря пакетов 100.0%
Узон (амтел) - потеря пакетов 100.0%
Фрегат - потеря пакетов 0.0% (по ICMP)
Экопасифик - потеря пакетов 1.3% (по ICMP)
Юпитер-2 - потеря пакетов 1.8% (по TCP:22)
==================================================

===== 2026-06-26 09:00 - 2026-06-26 10:00 =====
Записано: 2026-06-26 09:00
Александр Деев - потеря пакетов 100.0%
Алестар - потеря пакетов 0.0% (по ICMP)
Амурское - потеря пакетов 0.0% (по ICMP)
Вадим Туманов - потеря пакетов 0.0% (по ICMP)
Игорь Афанасьев - потеря пакетов 6.2% (по TCP:22)
Игорь Фархутдинов - потеря пакетов 100.0%
Капитан - потеря пакетов 1.3% (по ICMP)
Капитан Хазан - потеря пакетов 0.0% (по ICMP)
Капитан Щербаков - потеря пакетов 0.4% (по ICMP)
Коряк ПХГ - потеря пакетов 0.0% (по ICMP)
Мастер - потеря пакетов 0.4% (по ICMP)
Мыс Рубикон - потеря пакетов 0.0% (по ICMP)
Петр Гусенков - потеря пакетов 0.0% (по ICMP)
Печак - потеря пакетов 100.0%
Полтава - потеря пакетов 0.0% (по ICMP)
Сораксан - потеря пакетов 100.0%
Таврия - потеря пакетов 0.0% (по ICMP)
Тумнин - потеря пакетов 0.0% (по TCP:22)
Узон - потеря пакетов 43.3% (по TCP:22)
Узон (амтел) - потеря пакетов 100.0%
Фрегат - потеря пакетов 0.0% (по ICMP)
Экопасифик - потеря пакетов 0.0% (по ICMP)
Юпитер-2 - потеря пакетов 0.4% (по ICMP)
==================================================

===== 2026-06-26 10:00 - 2026-06-26 11:00 =====
Записано: 2026-06-26 10:00
Александр Деев - потеря пакетов 100.0%
Алестар - потеря пакетов 0.0% (по ICMP)
Амурское - потеря пакетов 0.0% (по ICMP)
Вадим Туманов - потеря пакетов 32.4% (по ICMP)
Игорь Афанасьев - потеря пакетов 0.9% (по ICMP)
Игорь Фархутдинов - потеря пакетов 100.0%
Капитан - потеря пакетов 0.4% (по ICMP)
Капитан Хазан - потеря пакетов 0.9% (по ICMP)
Капитан Щербаков - потеря пакетов 0.0% (по ICMP)
Коряк ПХГ - потеря пакетов 0.0% (по ICMP)
Мастер - потеря пакетов 0.4% (по TCP:22)
Мыс Рубикон - потеря пакетов 0.4% (по ICMP)
Петр Гусенков - потеря пакетов 1.3% (по ICMP)
Печак - потеря пакетов 100.0%
Полтава - потеря пакетов 0.0% (по ICMP)
Сораксан - потеря пакетов 100.0%
Таврия - потеря пакетов 0.0% (по ICMP)
Тумнин - потеря пакетов 0.0% (по TCP:22)
Узон - потеря пакетов 0.0% (по TCP:22)
Узон (амтел) - потеря пакетов 100.0%
Фрегат - потеря пакетов 0.0% (по ICMP)
Экопасифик - потеря пакетов 0.0% (по ICMP)
Юпитер-2 - потеря пакетов 0.4% (по TCP:22)
==================================================

===== 2026-06-26 11:00 - 2026-06-26 12:00 =====
Записано: 2026-06-26 11:00
Александр Деев - потеря пакетов 100.0%
Алестар - потеря пакетов 0.0% (по ICMP)
Амурское - потеря пакетов 1.3% (по ICMP)
Вадим Туманов - потеря пакетов 3.1% (по TCP:22)
Игорь Афанасьев - потеря пакетов 0.0% (по ICMP)
Игорь Фархутдинов - потеря пакетов 100.0%
Капитан - потеря пакетов 7.1% (по ICMP)
Капитан Хазан - потеря пакетов 0.4% (по ICMP)
Капитан Щербаков - потеря пакетов 0.4% (по ICMP)
Коряк ПХГ - потеря пакетов 0.0% (по ICMP)
Мастер - потеря пакетов 0.0% (по ICMP)
Мыс Рубикон - потеря пакетов 4.5% (по ICMP)
Петр Гусенков - потеря пакетов 0.4% (по ICMP)
Печак - потеря пакетов 100.0%
Полтава - потеря пакетов 0.0% (по ICMP)
Сораксан - потеря пакетов 12.1% (по ICMP)
Таврия - потеря пакетов 0.0% (по ICMP)
Тумнин - потеря пакетов 0.0% (по TCP:22)
Узон - потеря пакетов 2.2% (по TCP:22)
Узон (амтел) - потеря пакетов 100.0%
Фрегат - потеря пакетов 0.0% (по ICMP)
Экопасифик - потеря пакетов 37.5%
Юпитер-2 - потеря пакетов 0.0% (по ICMP)
==================================================

===== 2026-06-25 17:14 - 2026-06-26 11:02 (неполный час) =====
Записано: 2026-06-26 11:02
Александр Деев - потеря пакетов 100.0%
Алестар - потеря пакетов 0.0% (по ICMP)
Амурское - потеря пакетов 0.0% (по ICMP)
Вадим Туманов - потеря пакетов 0.0% (по TCP:22)
Игорь Афанасьев - потеря пакетов 0.0% (по ICMP)
Игорь Фархутдинов - потеря пакетов 100.0%
Капитан - потеря пакетов 0.0% (по ICMP)
Капитан Хазан - потеря пакетов 11.1%
Капитан Щербаков - потеря пакетов 0.0% (по ICMP)
Коряк ПХГ - потеря пакетов 0.0% (по ICMP)
Мастер - потеря пакетов 11.1% (по TCP:22)
Мыс Рубикон - потеря пакетов 0.0% (по ICMP)
Петр Гусенков - потеря пакетов 0.0% (по ICMP)
Печак - потеря пакетов 100.0%
Полтава - потеря пакетов 0.0% (по ICMP)
Сораксан - потеря пакетов 0.0% (по ICMP)
Таврия - потеря пакетов 0.0% (по ICMP)
Тумнин - потеря пакетов 0.0% (по TCP:22)
Узон - потеря пакетов 0.0% (по TCP:22)
Узон (амтел) - потеря пакетов 100.0%
Фрегат - потеря пакетов 0.0% (по ICMP)
Экопасифик - потеря пакетов 100.0%
Юпитер-2 - потеря пакетов 0.0% (по TCP:22)
==================================================
