
===== 2026-06-25 17:00 - 2026-06-25 18:00 =====
Записано: 2026-06-25 17:14
Александр Деев - потеря пакетов 100.0%
Алестар - потеря пакетов 0.0% (по ICMP)
Амурское - потеря пакетов 0.0% (по ICMP)
Вадим Туманов - потеря пакетов 0.0% (по ICMP)
Игорь Афанасьев - потеря пакетов 0.0% (по ICMP)
Игорь Фархутдинов - потеря пакетов 100.0%
Капитан - потеря пакетов 0.0% (по ICMP)
Капитан Хазан - потеря пакетов 0.0% (по ICMP)
Капитан Щербаков - потеря пакетов 50.0% (по ICMP)
Коряк ПХГ - потеря пакетов 0.0% (по ICMP)
Мастер - потеря пакетов 0.0% (по ICMP)
Мыс Рубикон - потеря пакетов 50.0% (по ICMP)
Петр Гусенков - потеря пакетов 50.0%
Печак - потеря пакетов 100.0%
Полтава - потеря пакетов 0.0% (по ICMP)
Сораксан - потеря пакетов 0.0% (по ICMP)
Таврия - потеря пакетов 0.0% (по ICMP)
Тумнин - потеря пакетов 0.0% (по TCP:22)
Узон - потеря пакетов 100.0%
Узон (амтел) - потеря пакетов 100.0%
Фрегат - потеря пакетов 0.0% (по ICMP)
Экопасифик - потеря пакетов 0.0% (по ICMP)
Юпитер-2 - потеря пакетов 0.0% (по ICMP)
==================================================

===== 2026-06-25 18:00 - 2026-06-25 19:00 =====
Записано: 2026-06-25 18:00
Александр Деев - потеря пакетов 100.0%
Алестар - потеря пакетов 0.0% (по ICMP)
Амурское - потеря пакетов 0.0% (по ICMP)
Вадим Туманов - потеря пакетов 0.0% (по ICMP)
Игорь Афанасьев - потеря пакетов 0.0% (по ICMP)
Игорь Фархутдинов - потеря пакетов 100.0%
Капитан - потеря пакетов 1.8% (по ICMP)
Капитан Хазан - потеря пакетов 4.1% (по ICMP)
Капитан Щербаков - потеря пакетов 3.5% (по ICMP)
Коряк ПХГ - потеря пакетов 0.0% (по ICMP)
Мастер - потеря пакетов 0.0% (по ICMP)
Мыс Рубикон - потеря пакетов 24.6%
Петр Гусенков - потеря пакетов 40.4% (по ICMP)
Печак - потеря пакетов 100.0%
Полтава - потеря пакетов 0.0% (по ICMP)
Сораксан - потеря пакетов 19.3%
Таврия - потеря пакетов 0.0% (по ICMP)
Тумнин - потеря пакетов 0.0% (по TCP:22)
Узон - потеря пакетов 57.3% (по TCP:22)
Узон (амтел) - потеря пакетов 100.0%
Фрегат - потеря пакетов 0.0% (по ICMP)
Экопасифик - потеря пакетов 0.0% (по ICMP)
Юпитер-2 - потеря пакетов 0.0% (по ICMP)
==================================================

===== 2026-06-25 19:00 - 2026-06-25 20:00 =====
Записано: 2026-06-25 19:00
Александр Деев - потеря пакетов 100.0%
Алестар - потеря пакетов 0.0% (по ICMP)
Амурское - потеря пакетов 0.0% (по ICMP)
Вадим Туманов - потеря пакетов 0.0% (по ICMP)
Игорь Афанасьев - потеря пакетов 0.0% (по ICMP)
Игорь Фархутдинов - потеря пакетов 100.0%
Капитан - потеря пакетов 2.7% (по ICMP)
Капитан Хазан - потеря пакетов 41.3% (по ICMP)
Капитан Щербаков - потеря пакетов 43.6% (по ICMP)
Коряк ПХГ - потеря пакетов 0.0% (по ICMP)
Мастер - потеря пакетов 0.0% (по ICMP)
Мыс Рубикон - потеря пакетов 30.2% (по ICMP)
Петр Гусенков - потеря пакетов 8.9% (по ICMP)
Печак - потеря пакетов 100.0%
Полтава - потеря пакетов 0.4% (по ICMP)
Сораксан - потеря пакетов 45.8% (по ICMP)
Таврия - потеря пакетов 0.0% (по ICMP)
Тумнин - потеря пакетов 0.4% (по TCP:22)
Узон - потеря пакетов 45.3% (по TCP:22)
Узон (амтел) - потеря пакетов 100.0%
Фрегат - потеря пакетов 0.0% (по ICMP)
Экопасифик - потеря пакетов 0.0% (по ICMP)
Юпитер-2 - потеря пакетов 0.0% (по ICMP)
==================================================

===== 2026-06-25 20:00 - 2026-06-25 21:00 =====
Записано: 2026-06-25 20:00
Александр Деев - потеря пакетов 100.0%
Алестар - потеря пакетов 0.0% (по ICMP)
Амурское - потеря пакетов 0.0% (по ICMP)
Вадим Туманов - потеря пакетов 0.0% (по ICMP)
Игорь Афанасьев - потеря пакетов 0.0% (по TCP:22)
Игорь Фархутдинов - потеря пакетов 100.0%
Капитан - потеря пакетов 2.2% (по ICMP)
Капитан Хазан - потеря пакетов 2.7% (по ICMP)
Капитан Щербаков - потеря пакетов 6.2% (по ICMP)
Коряк ПХГ - потеря пакетов 0.0% (по ICMP)
Мастер - потеря пакетов 0.0% (по ICMP)
Мыс Рубикон - потеря пакетов 6.7% (по ICMP)
Петр Гусенков - потеря пакетов 0.4% (по ICMP)
Печак - потеря пакетов 100.0%
Полтава - потеря пакетов 0.0% (по ICMP)
Сораксан - потеря пакетов 9.8% (по ICMP)
Таврия - потеря пакетов 0.0% (по ICMP)
Тумнин - потеря пакетов 0.4% (по TCP:22)
Узон - потеря пакетов 48.0% (по TCP:22)
Узон (амтел) - потеря пакетов 100.0%
Фрегат - потеря пакетов 21.8% (по ICMP)
Экопасифик - потеря пакетов 0.0% (по ICMP)
Юпитер-2 - потеря пакетов 0.4% (по ICMP)
==================================================

===== 2026-06-25 21:00 - 2026-06-25 22:00 =====
Записано: 2026-06-25 21:00
Александр Деев - потеря пакетов 100.0%
Алестар - потеря пакетов 0.0% (по ICMP)
Амурское - потеря пакетов 0.4% (по ICMP)
Вадим Туманов - потеря пакетов 0.0% (по TCP:22)
Игорь Афанасьев - потеря пакетов 0.0% (по ICMP)
Игорь Фархутдинов - потеря пакетов 100.0%
Капитан - потеря пакетов 1.8% (по ICMP)
Капитан Хазан - потеря пакетов 0.0% (по ICMP)
Капитан Щербаков - потеря пакетов 0.4% (по ICMP)
Коряк ПХГ - потеря пакетов 0.0% (по ICMP)
Мастер - потеря пакетов 0.4% (по ICMP)
Мыс Рубикон - потеря пакетов 4.0% (по ICMP)
Петр Гусенков - потеря пакетов 0.4% (по ICMP)
Печак - потеря пакетов 100.0%
Полтава - потеря пакетов 0.0% (по ICMP)
Сораксан - потеря пакетов 0.4% (по ICMP)
Таврия - потеря пакетов 0.0% (по ICMP)
Тумнин - потеря пакетов 2.2% (по TCP:22)
Узон - потеря пакетов 11.6% (по ICMP)
Узон (амтел) - потеря пакетов 100.0%
Фрегат - потеря пакетов 0.0% (по ICMP)
Экопасифик - потеря пакетов 0.0% (по ICMP)
Юпитер-2 - потеря пакетов 14.2% (по ICMP)
==================================================

===== 2026-06-25 22:00 - 2026-06-25 23:00 =====
Записано: 2026-06-25 22:00
Александр Деев - потеря пакетов 100.0%
Алестар - потеря пакетов 0.0% (по ICMP)
Амурское - потеря пакетов 0.0% (по ICMP)
Вадим Туманов - потеря пакетов 1.3% (по ICMP)
Игорь Афанасьев - потеря пакетов 2.2% (по ICMP)
Игорь Фархутдинов - потеря пакетов 100.0%
Капитан - потеря пакетов 1.3% (по ICMP)
Капитан Хазан - потеря пакетов 0.4% (по ICMP)
Капитан Щербаков - потеря пакетов 0.0% (по ICMP)
Коряк ПХГ - потеря пакетов 0.0% (по ICMP)
Мастер - потеря пакетов 0.9% (по ICMP)
Мыс Рубикон - потеря пакетов 4.0% (по ICMP)
Петр Гусенков - потеря пакетов 0.0% (по ICMP)
Печак - потеря пакетов 100.0%
Полтава - потеря пакетов 0.0% (по ICMP)
Сораксан - потеря пакетов 95.1%
Таврия - потеря пакетов 0.0% (по ICMP)
Тумнин - потеря пакетов 1.8% (по TCP:22)
Узон - потеря пакетов 0.0% (по TCP:22)
Узон (амтел) - потеря пакетов 100.0%
Фрегат - потеря пакетов 0.0% (по ICMP)
Экопасифик - потеря пакетов 0.0% (по ICMP)
Юпитер-2 - потеря пакетов 20.9% (по TCP:22)
==================================================

===== 2026-06-25 23:00 - 2026-06-26 00:00 =====
Записано: 2026-06-25 23:00
Александр Деев - потеря пакетов 100.0%
Алестар - потеря пакетов 0.0% (по ICMP)
Амурское - потеря пакетов 0.4% (по ICMP)
Вадим Туманов - потеря пакетов 0.0% (по TCP:22)
Игорь Афанасьев - потеря пакетов 0.0% (по ICMP)
Игорь Фархутдинов - потеря пакетов 100.0%
Капитан - потеря пакетов 0.9% (по ICMP)
Капитан Хазан - потеря пакетов 0.0% (по ICMP)
Капитан Щербаков - потеря пакетов 0.4% (по ICMP)
Коряк ПХГ - потеря пакетов 0.0% (по ICMP)
Мастер - потеря пакетов 0.9% (по TCP:22)
Мыс Рубикон - потеря пакетов 3.1% (по ICMP)
Петр Гусенков - потеря пакетов 0.4% (по ICMP)
Печак - потеря пакетов 100.0%
Полтава - потеря пакетов 0.0% (по ICMP)
Сораксан - потеря пакетов 100.0%
Таврия - потеря пакетов 0.0% (по ICMP)
Тумнин - потеря пакетов 1.3% (по TCP:22)
Узон - потеря пакетов 0.0% (по TCP:22)
Узон (амтел) - потеря пакетов 100.0%
Фрегат - потеря пакетов 0.0% (по ICMP)
Экопасифик - потеря пакетов 0.0% (по ICMP)
Юпитер-2 - потеря пакетов 50.2% (по ICMP)
==================================================
